[pedajuda.com.br/index.html]
[backblue.gif]
[fade.gif]
[index.html]
[pedajuda.com.br/assets/imagens/favicon.png]
[pedajuda.com.br/assets/css/bootstrap.min.css]
[pedajuda.com.br/assets/css/fontawesome.css]
[pedajuda.com.br/assets/css/animated.css]
[pedajuda.com.br/assets/css/estilo.css]
[pedajuda.com.br/assets/imagens/logo.png]
[pedajuda.com.br/sobre-projeto.html]
[pedajuda.com.br/contato.html]
[pedajuda.com.br/assets/imagens/header.jpg]
[pedajuda.com.br/pesquisar.html]
[pedajuda.com.br/lista-antibioticos.html]
[pedajuda.com.br/lista-anticonvulsionantes.html]
[pedajuda.com.br/lista-antiinflamatorios.html]
[pedajuda.com.br/lista-antifungicos.html]
[pedajuda.com.br/lista-antihistaminicos.html]
[pedajuda.com.br/lista-antiparasitarios.html]
[pedajuda.com.br/lista-broncodilatadores.html]
[pedajuda.com.br/assets/imagens/box-broncodilatadores.png]
[pedajuda.com.br/lista-corticosteroides.html]
[pedajuda.com.br/lista-laxativos.html]
[pedajuda.com.br/lista-sintomaticos.html]
[pedajuda.com.br/calc-hidratacaovenosa.html]
[pedajuda.com.br/puericultura-alimentacao.html]
[pedajuda.com.br/assets/imagens/puericultura-icone3.png]
[pedajuda.com.br/puericultura-curvas.html]
[pedajuda.com.br/assets/imagens/puericultura-icone2.png]
[pedajuda.com.br/puericultura-suplementacao.html]
[pedajuda.com.br/assets/imagens/puericultura-icone1.png]
[pedajuda.com.br/puericultura-vacinas.html]
[pedajuda.com.br/assets/imagens/puericultura-icone4.png]
[pedajuda.com.br/assets/js/jquery.js]
[pedajuda.com.br/assets/js/bootstrap.min.js]
[pedajuda.com.br/assets/js/scrollReveal.js]
[pedajuda.com.br/assets/js/functions.js]
[pedajuda.com.br/assets/js/modal.js]
[pedajuda.com.br/index.html]
[pedajuda.com.br/assets/css/bootstrap.min.css]
[pedajuda.com.br/assets/webfonts/fa-brands-400.eot]
[pedajuda.com.br/assets/webfonts/fa-brands-400d41d.eot]
[pedajuda.com.br/assets/webfonts/fa-brands-400.woff2]
[pedajuda.com.br/assets/webfonts/fa-brands-400.woff]
[pedajuda.com.br/assets/webfonts/fa-brands-400.ttf]
[pedajuda.com.br/assets/webfonts/fa-regular-400.eot]
[pedajuda.com.br/assets/webfonts/fa-regular-400d41d.eot]
[pedajuda.com.br/assets/webfonts/fa-regular-400.woff2]
[pedajuda.com.br/assets/webfonts/fa-regular-400.woff]
[pedajuda.com.br/assets/webfonts/fa-regular-400.ttf]
[pedajuda.com.br/assets/webfonts/fa-solid-900.eot]
[pedajuda.com.br/assets/webfonts/fa-solid-900d41d.eot]
[pedajuda.com.br/assets/webfonts/fa-solid-900.woff2]
[pedajuda.com.br/assets/webfonts/fa-solid-900.woff]
[pedajuda.com.br/assets/webfonts/fa-solid-900.ttf]
[pedajuda.com.br/assets/css/fontawesome.css]
[pedajuda.com.br/assets/css/animated.css]
[pedajuda.com.br/assets/imagens/puericultura-bg.png]
[pedajuda.com.br/assets/css/estilo.css]
[pedajuda.com.br/assets/imagens/equipe/6.jpg]
[pedajuda.com.br/assets/imagens/equipe/4.jpg]
[pedajuda.com.br/assets/imagens/equipe/3.jpg]
[pedajuda.com.br/assets/imagens/equipe/1.jpg]
[pedajuda.com.br/assets/imagens/equipe/5.jpg]
[pedajuda.com.br/assets/imagens/equipe/2.jpg]
[pedajuda.com.br/sobre-projeto.html]
[pedajuda.com.br/assets/js/notify.js]
[pedajuda.com.br/contato.html]
[pedajuda.com.br/assets/imagens/header-bg.svg]
[pedajuda.com.br/pesquisar.html]
[pedajuda.com.br/calc-antibioticos4638.html]
[pedajuda.com.br/calc-antibioticoseb51.html]
[pedajuda.com.br/calc-antibioticos347c.html]
[pedajuda.com.br/calc-antibioticos6311.html]
[pedajuda.com.br/calc-antibioticos23d2.html]
[pedajuda.com.br/calc-antibioticosed7b.html]
[pedajuda.com.br/calc-antibioticose624.html]
[pedajuda.com.br/calc-antibioticos516b.html]
[pedajuda.com.br/calc-antibioticosb61b.html]
[pedajuda.com.br/calc-antibioticosc538.html]
[pedajuda.com.br/calc-antibioticos3471.html]
[pedajuda.com.br/calc-antibioticosc5a0.html]
[pedajuda.com.br/calc-antibioticosc2ef.html]
[pedajuda.com.br/calc-antibioticosd7be.html]
[pedajuda.com.br/calc-antibioticos1e8b.html]
[pedajuda.com.br/calc-antibioticoscf7c.html]
[pedajuda.com.br/lista-antibioticos.html]
[pedajuda.com.br/calc-anticonvulsionantes58c1.html]
[pedajuda.com.br/calc-anticonvulsionantes33eb.html]
[pedajuda.com.br/calc-anticonvulsionantes1923.html]
[pedajuda.com.br/calc-anticonvulsionantes5b82.html]
[pedajuda.com.br/calc-anticonvulsionantesa025.html]
[pedajuda.com.br/lista-anticonvulsionantes.html]
[pedajuda.com.br/calc-antiinflamatoriosfceb.html]
[pedajuda.com.br/calc-antiinflamatorios4104.html]
[pedajuda.com.br/calc-antiinflamatorios0bdf.html]
[pedajuda.com.br/calc-antiinflamatorios5803.html]
[pedajuda.com.br/calc-antiinflamatorioscd92.html]
[pedajuda.com.br/calc-antiinflamatorios6fae.html]
[pedajuda.com.br/lista-antiinflamatorios.html]
[pedajuda.com.br/calc-antifungicos3ce9.html]
[pedajuda.com.br/calc-antifungicosec18.html]
[pedajuda.com.br/calc-antifungicosfd69.html]
[pedajuda.com.br/calc-antifungicos4355.html]
[pedajuda.com.br/calc-antifungicose743.html]
[pedajuda.com.br/calc-antifungicos3cb4.html]
[pedajuda.com.br/lista-antifungicos.html]
[pedajuda.com.br/calc-antihistaminicose394.html]
[pedajuda.com.br/calc-antihistaminicos9722.html]
[pedajuda.com.br/calc-antihistaminicos8258.html]
[pedajuda.com.br/calc-antihistaminicosb096.html]
[pedajuda.com.br/calc-antihistaminicos8a13.html]
[pedajuda.com.br/calc-antihistaminicos73c0.html]
[pedajuda.com.br/calc-antihistaminicos7e88.html]
[pedajuda.com.br/lista-antihistaminicos.html]
[pedajuda.com.br/calc-antiparasitarios5b85.html]
[pedajuda.com.br/calc-antiparasitarios611d.html]
[pedajuda.com.br/calc-antiparasitariosecb2.html]
[pedajuda.com.br/calc-antiparasitarios26bd.html]
[pedajuda.com.br/calc-antiparasitariose931.html]
[pedajuda.com.br/calc-antiparasitarios1e08.html]
[pedajuda.com.br/calc-antiparasitarioseb7b.html]
[pedajuda.com.br/lista-antiparasitarios.html]
[pedajuda.com.br/calc-broncodilatadores2867.html]
[pedajuda.com.br/calc-broncodilatadores54fd.html]
[pedajuda.com.br/calc-broncodilatadorescdfd.html]
[pedajuda.com.br/calc-broncodilatadores4e89.html]
[pedajuda.com.br/calc-broncodilatadores495f.html]
[pedajuda.com.br/calc-broncodilatadores1116.html]
[pedajuda.com.br/calc-broncodilatadorese17e.html]
[pedajuda.com.br/lista-broncodilatadores.html]
[pedajuda.com.br/calc-corticosteroidesb6c3.html]
[pedajuda.com.br/calc-corticosteroides55fe.html]
[pedajuda.com.br/calc-corticosteroidesfdc4.html]
[pedajuda.com.br/calc-corticosteroides9bc9.html]
[pedajuda.com.br/calc-corticosteroidesde89.html]
[pedajuda.com.br/lista-corticosteroides.html]
[pedajuda.com.br/calc-laxativosc5a9.html]
[pedajuda.com.br/calc-laxativos233d.html]
[pedajuda.com.br/calc-laxativosb0ac.html]
[pedajuda.com.br/lista-laxativos.html]
[pedajuda.com.br/calc-sintomaticos94d4.html]
[pedajuda.com.br/calc-sintomaticos8a51.html]
[pedajuda.com.br/calc-sintomaticos8de6.html]
[pedajuda.com.br/calc-sintomaticosfba8.html]
[pedajuda.com.br/calc-sintomaticoscab1.html]
[pedajuda.com.br/calc-sintomaticos230f.html]
[pedajuda.com.br/calc-sintomaticos1a96.html]
[pedajuda.com.br/calc-sintomaticosdf3c.html]
[pedajuda.com.br/calc-sintomaticosb2ad.html]
[pedajuda.com.br/calc-sintomaticos0f37.html]
[pedajuda.com.br/calc-sintomaticos7cf8.html]
[pedajuda.com.br/calc-sintomaticos14fb.html]
[pedajuda.com.br/lista-sintomaticos.html]
[pedajuda.com.br/calc-hidratacaovenosa.html]
[pedajuda.com.br/assets/imagens/formulas/nan1-pro.jpg]
[pedajuda.com.br/assets/js/pueri-formulas.js]
[pedajuda.com.br/puericultura-alimentacao.html]
[pedajuda.com.br/assets/materiais/P1-M-P.pdf]
[pedajuda.com.br/assets/materiais/P1-M-Z.pdf]
[pedajuda.com.br/assets/materiais/P2-M-P.pdf]
[pedajuda.com.br/assets/materiais/P2-M-Z.pdf]
[pedajuda.com.br/assets/materiais/A1-M-P.pdf]
[pedajuda.com.br/assets/materiais/A1-M-Z.pdf]
[pedajuda.com.br/assets/materiais/A2-M-P.pdf]
[pedajuda.com.br/assets/materiais/A2-M-Z.pdf]
[pedajuda.com.br/assets/materiais/I-M-P.pdf]
[pedajuda.com.br/assets/materiais/I-M-Z.pdf]
[pedajuda.com.br/assets/materiais/PC-M-P.pdf]
[pedajuda.com.br/assets/materiais/PC-M-Z.pdf]
[pedajuda.com.br/assets/materiais/P1-F-P.pdf]
[pedajuda.com.br/assets/materiais/P1-F-Z.pdf]
[pedajuda.com.br/assets/materiais/P2-F-P.pdf]
[pedajuda.com.br/assets/materiais/P2-F-Z.pdf]
[pedajuda.com.br/assets/materiais/A1-F-P.pdf]
[pedajuda.com.br/assets/materiais/A1-F-Z.pdf]
[pedajuda.com.br/assets/materiais/A2-F-P.pdf]
[pedajuda.com.br/assets/materiais/A2-F-Z.pdf]
[pedajuda.com.br/assets/materiais/I-F-P.pdf]
[pedajuda.com.br/assets/materiais/I-F-Z.pdf]
[pedajuda.com.br/assets/materiais/PC-F-P.pdf]
[pedajuda.com.br/assets/materiais/PC-F-Z.pdf]
[pedajuda.com.br/puericultura-curvas.html]
[pedajuda.com.br/assets/js/chart.js]
[pedajuda.com.br/assets/js/mask.js]
[pedajuda.com.br/assets/js/pueri-suplementacao.js]
[pedajuda.com.br/puericultura-suplementacao.html]
[pedajuda.com.br/puericultura-vacinas.html]
[pedajuda.com.br/-hover.html]
[pedajuda.com.br/assets/webfonts/fa-brands-400.svg]
[pedajuda.com.br/assets/webfonts/fa-regular-400.svg]
[pedajuda.com.br/assets/webfonts/fa-solid-900.svg]
[pedajuda.com.br/assets/js/calc-antibioticos.js]
[pedajuda.com.br/calc-antibioticos4638.html]
[pedajuda.com.br/calc-antibioticoseb51.html]
[pedajuda.com.br/calc-antibioticos347c.html]
[pedajuda.com.br/calc-antibioticos6311.html]
[pedajuda.com.br/calc-antibioticos23d2.html]
[pedajuda.com.br/calc-antibioticosed7b.html]
[pedajuda.com.br/calc-antibioticose624.html]
[pedajuda.com.br/calc-antibioticos516b.html]
[pedajuda.com.br/calc-antibioticosb61b.html]
[pedajuda.com.br/calc-antibioticosc538.html]
[pedajuda.com.br/calc-antibioticos3471.html]
[pedajuda.com.br/calc-antibioticosc5a0.html]
[pedajuda.com.br/calc-antibioticosc2ef.html]
[pedajuda.com.br/calc-antibioticosd7be.html]
[pedajuda.com.br/calc-antibioticos1e8b.html]
[pedajuda.com.br/calc-antibioticoscf7c.html]
[pedajuda.com.br/assets/js/calc-anticonvulsionantes.js]
[pedajuda.com.br/calc-anticonvulsionantes58c1.html]
[pedajuda.com.br/calc-anticonvulsionantes33eb.html]
[pedajuda.com.br/calc-anticonvulsionantes1923.html]
[pedajuda.com.br/calc-anticonvulsionantes5b82.html]
[pedajuda.com.br/calc-anticonvulsionantesa025.html]
[pedajuda.com.br/assets/js/calc-antiinflamatorios.js]
[pedajuda.com.br/calc-antiinflamatoriosfceb.html]
[pedajuda.com.br/calc-antiinflamatorios4104.html]
[pedajuda.com.br/calc-antiinflamatorios0bdf.html]
[pedajuda.com.br/calc-antiinflamatorios5803.html]
[pedajuda.com.br/calc-antiinflamatorioscd92.html]
[pedajuda.com.br/calc-antiinflamatorios6fae.html]
[pedajuda.com.br/assets/js/calc-antifungicos.js]
[pedajuda.com.br/calc-antifungicos3ce9.html]
[pedajuda.com.br/calc-antifungicosec18.html]
[pedajuda.com.br/calc-antifungicosfd69.html]
[pedajuda.com.br/calc-antifungicos4355.html]
[pedajuda.com.br/calc-antifungicose743.html]
[pedajuda.com.br/calc-antifungicos3cb4.html]
[pedajuda.com.br/assets/js/calc-antihistaminicos.js]
[pedajuda.com.br/calc-antihistaminicose394.html]
[pedajuda.com.br/calc-antihistaminicos9722.html]
[pedajuda.com.br/calc-antihistaminicos8258.html]
[pedajuda.com.br/calc-antihistaminicosb096.html]
[pedajuda.com.br/calc-antihistaminicos8a13.html]
[pedajuda.com.br/calc-antihistaminicos73c0.html]
[pedajuda.com.br/calc-antihistaminicos7e88.html]
[pedajuda.com.br/assets/js/calc-antiparasitarios.js]
[pedajuda.com.br/calc-antiparasitarios5b85.html]
[pedajuda.com.br/calc-antiparasitarios611d.html]
[pedajuda.com.br/calc-antiparasitariosecb2.html]
[pedajuda.com.br/calc-antiparasitarios26bd.html]
[pedajuda.com.br/calc-antiparasitariose931.html]
[pedajuda.com.br/calc-antiparasitarios1e08.html]
[pedajuda.com.br/calc-antiparasitarioseb7b.html]
[pedajuda.com.br/assets/js/calc-broncodilatadores.js]
[pedajuda.com.br/calc-broncodilatadores2867.html]
[pedajuda.com.br/calc-broncodilatadores54fd.html]
[pedajuda.com.br/calc-broncodilatadorescdfd.html]
[pedajuda.com.br/calc-broncodilatadores4e89.html]
[pedajuda.com.br/calc-broncodilatadores495f.html]
[pedajuda.com.br/calc-broncodilatadores1116.html]
[pedajuda.com.br/calc-broncodilatadorese17e.html]
[pedajuda.com.br/assets/js/calc-corticosteroides.js]
[pedajuda.com.br/calc-corticosteroidesb6c3.html]
[pedajuda.com.br/calc-corticosteroides55fe.html]
[pedajuda.com.br/calc-corticosteroidesfdc4.html]
[pedajuda.com.br/calc-corticosteroides9bc9.html]
[pedajuda.com.br/calc-corticosteroidesde89.html]
[pedajuda.com.br/assets/js/calc-laxativos.js]
[pedajuda.com.br/calc-laxativosc5a9.html]
[pedajuda.com.br/calc-laxativos233d.html]
[pedajuda.com.br/calc-laxativosb0ac.html]
[pedajuda.com.br/assets/js/calc-sintomaticos.js]
[pedajuda.com.br/calc-sintomaticos94d4.html]
[pedajuda.com.br/calc-sintomaticos8a51.html]
[pedajuda.com.br/calc-sintomaticos8de6.html]
[pedajuda.com.br/calc-sintomaticosfba8.html]
[pedajuda.com.br/calc-sintomaticoscab1.html]
[pedajuda.com.br/calc-sintomaticos230f.html]
[pedajuda.com.br/calc-sintomaticos1a96.html]
[pedajuda.com.br/calc-sintomaticosdf3c.html]
[pedajuda.com.br/calc-sintomaticosb2ad.html]
[pedajuda.com.br/calc-sintomaticos0f37.html]
[pedajuda.com.br/calc-sintomaticos7cf8.html]
[pedajuda.com.br/calc-sintomaticos14fb.html]
